C:\Users\asaad\OneDrive\Desktop\project\LessonsOnlineSystem\src\main\java\com\example\project\service\UserService.java
C:\Users\asaad\OneDrive\Desktop\project\LessonsOnlineSystem\src\main\java\com\example\project\controller\AuthController.java
C:\Users\asaad\OneDrive\Desktop\project\LessonsOnlineSystem\src\main\java\com\example\project\Main.java
C:\Users\asaad\OneDrive\Desktop\project\LessonsOnlineSystem\src\main\java\com\example\project\service\LessonService.java
C:\Users\asaad\OneDrive\Desktop\project\LessonsOnlineSystem\src\main\java\com\example\project\model\Lesson.java
C:\Users\asaad\OneDrive\Desktop\project\LessonsOnlineSystem\src\main\java\com\example\project\model\User.java
C:\Users\asaad\OneDrive\Desktop\project\LessonsOnlineSystem\src\main\java\com\example\project\repository\UserRepository.java
C:\Users\asaad\OneDrive\Desktop\project\LessonsOnlineSystem\src\main\java\com\example\project\model\Notification.java
C:\Users\asaad\OneDrive\Desktop\project\LessonsOnlineSystem\src\main\java\com\example\project\controller\LessonController.java
C:\Users\asaad\OneDrive\Desktop\project\LessonsOnlineSystem\src\main\java\com\example\project\repository\LessonRepository.java
